[debug] [2025-06-20T17:39:04.070Z] ----------------------------------------------------------------------
[debug] [2025-06-20T17:39:04.076Z] Command:       C:\Program Files\nodejs\node.exe C:\Users\ACER\AppData\Roaming\npm\node_modules\firebase-tools\lib\bin\firebase.js init hosting
[debug] [2025-06-20T17:39:04.077Z] CLI Version:   14.8.0
[debug] [2025-06-20T17:39:04.078Z] Platform:      win32
[debug] [2025-06-20T17:39:04.078Z] Node Version:  v22.12.0
[debug] [2025-06-20T17:39:04.079Z] Time:          Sat Jun 21 2025 01:39:04 GMT+0800 (Malaysia Time)
[debug] [2025-06-20T17:39:04.080Z] ----------------------------------------------------------------------
[debug] 
[debug] [2025-06-20T17:39:04.099Z] > command requires scopes: ["email","openid","https://www.googleapis.com/auth/cloudplatformprojects.readonly","https://www.googleapis.com/auth/firebase","https://www.googleapis.com/auth/cloud-platform"]
[debug] [2025-06-20T17:39:04.100Z] > authorizing via signed-in user (abbasusman561@gmail.com)
[info] 
     ######## #### ########  ######## ########     ###     ######  ########
     ##        ##  ##     ## ##       ##     ##  ##   ##  ##       ##
     ######    ##  ########  ######   ########  #########  ######  ######
     ##        ##  ##    ##  ##       ##     ## ##     ##       ## ##
     ##       #### ##     ## ######## ########  ##     ##  ######  ########

You're about to initialize a Firebase project in this directory:

  C:\Users\ACER\Desktop\Weather-Hub updated 20-6\Weather-Hub

[info] 
=== Project Setup
[info] 
[info] First, let's associate this project directory with a Firebase project.
[info] You can create multiple project aliases by running firebase use --add, 
[info] but for now we'll just set up a default project.
[info] 
[debug] [2025-06-20T17:40:14.140Z] Checked if tokens are valid: true, expires at: 1750444665246
[debug] [2025-06-20T17:40:14.141Z] Checked if tokens are valid: true, expires at: 1750444665246
[debug] [2025-06-20T17:40:14.144Z] >>> [apiv2][query] GET https://firebase.googleapis.com/v1beta1/projects pageSize=100
[debug] [2025-06-20T17:40:15.403Z] <<< [apiv2][status] GET https://firebase.googleapis.com/v1beta1/projects 200
[debug] [2025-06-20T17:40:15.403Z] <<< [apiv2][body] GET https://firebase.googleapis.com/v1beta1/projects [omitted]
[info] i  Using project weather-hub-9c3f8 (Weather-Hub) 
[info] 
=== Hosting Setup
[debug] [2025-06-20T17:40:23.661Z] Checked if tokens are valid: true, expires at: 1750444665246
[debug] [2025-06-20T17:40:23.662Z] Checked if tokens are valid: true, expires at: 1750444665246
[debug] [2025-06-20T17:40:23.662Z] >>> [apiv2][query] GET https://firebase.googleapis.com/v1beta1/projects/weather-hub-9c3f8 [none]
[debug] [2025-06-20T17:40:24.310Z] <<< [apiv2][status] GET https://firebase.googleapis.com/v1beta1/projects/weather-hub-9c3f8 200
[debug] [2025-06-20T17:40:24.311Z] <<< [apiv2][body] GET https://firebase.googleapis.com/v1beta1/projects/weather-hub-9c3f8 {"projectId":"weather-hub-9c3f8","projectNumber":"140957372064","displayName":"Weather-Hub","name":"projects/weather-hub-9c3f8","resources":{"hostingSite":"weather-hub-9c3f8","realtimeDatabaseInstance":"weather-hub-9c3f8-default-rtdb"},"state":"ACTIVE","etag":"1_aeaaa552-15e0-4cfb-97de-a6c607a721d0"}
[info] 
[info] Your public directory is the folder (relative to your project directory) that
[info] will contain Hosting assets to be uploaded with firebase deploy. If you
[info] have a build process for your assets, use your build's output directory.
[info] 
[info] +  Wrote ./404.html 
[debug] [2025-06-20T17:42:09.689Z] >>> [apiv2][query] GET https://www.gstatic.com/firebasejs/releases.json [none]
[debug] [2025-06-20T17:42:09.890Z] <<< [apiv2][status] GET https://www.gstatic.com/firebasejs/releases.json 200
[debug] [2025-06-20T17:42:09.891Z] <<< [apiv2][body] GET https://www.gstatic.com/firebasejs/releases.json {"current":{"version":"11.9.1","browserURL":"https://www.gstatic.com/firebasejs/11.9.1/firebase.js","packageURL":"https://www.gstatic.com/firebasejs/11.9.1/firebase.tgz"},"live":{"version":"11.9","browserURL":"https://www.gstatic.com/firebasejs/live/11.9/firebase.js","packageURL":"https://www.gstatic.com/firebasejs/live/11.9/firebase.tgz"},"components":{"ai":"https://www.gstatic.com/firebasejs/11.9.1/firebase-ai.js","analytics":"https://www.gstatic.com/firebasejs/11.9.1/firebase-analytics.js","app":"https://www.gstatic.com/firebasejs/11.9.1/firebase-app.js","app-check":"https://www.gstatic.com/firebasejs/11.9.1/firebase-app-check.js","auth":"https://www.gstatic.com/firebasejs/11.9.1/firebase-auth.js","auth/cordova":"https://www.gstatic.com/firebasejs/11.9.1/firebase-auth/cordova.js","auth/web-extension":"https://www.gstatic.com/firebasejs/11.9.1/firebase-auth/web-extension.js","functions":"https://www.gstatic.com/firebasejs/11.9.1/firebase-functions.js","firestore":"https://www.gstatic.com/firebasejs/11.9.1/firebase-firestore.js","firestore/lite":"https://www.gstatic.com/firebasejs/11.9.1/firebase-firestore/lite.js","installations":"https://www.gstatic.com/firebasejs/11.9.1/firebase-installations.js","storage":"https://www.gstatic.com/firebasejs/11.9.1/firebase-storage.js","performance":"https://www.gstatic.com/firebasejs/11.9.1/firebase-performance.js","remote-config":"https://www.gstatic.com/firebasejs/11.9.1/firebase-remote-config.js","messaging":"https://www.gstatic.com/firebasejs/11.9.1/firebase-messaging.js","messaging/sw":"https://www.gstatic.com/firebasejs/11.9.1/firebase-messaging/sw.js","database":"https://www.gstatic.com/firebasejs/11.9.1/firebase-database.js","vertexai":"https://www.gstatic.com/firebasejs/11.9.1/firebase-vertexai.js","data-connect":"https://www.gstatic.com/firebasejs/11.9.1/firebase-data-connect.js","firestore.memory":"https://www.gstatic.com/firebasejs/11.9.1/firebase-firestore.memory.js"}}
[debug] [2025-06-20T17:43:07.868Z] ExitPromptError: User force closed the prompt with SIGINT
    at Interface.sigint (C:\Users\ACER\AppData\Roaming\npm\node_modules\firebase-tools\node_modules\@inquirer\core\dist\commonjs\lib\create-prompt.js:101:37)
    at Interface.emit (node:events:524:28)
    at Interface.emit (node:domain:489:12)
    at [_ttyWrite] [as _ttyWrite] (node:internal/readline/interface:1124:18)
    at ReadStream.onkeypress (node:internal/readline/interface:263:20)
    at ReadStream.emit (node:events:536:35)
    at ReadStream.emit (node:domain:489:12)
    at emitKeys (node:internal/readline/utils:370:14)
    at emitKeys.next (<anonymous>)
    at ReadStream.onData (node:internal/readline/emitKeypressEvents:64:36)
[error] 
[error] Error: An unexpected error has occurred.
